>>> STARTING E2E TEST FOR CUSTOM WALLPAPER <<<

1. Authentication...
   Register failed: "<!DOCTYPE html><html lang=\"en\" class=\"inter_2fe1ab3d-module__-T-KAq__variable\"><head><meta charSet=\"utf-8\"/><meta name=\"viewport\" content=\"width=device-width, initial-scale=1\"/><link rel=\"stylesheet\" href=\"/_next/static/chunks/%5Broot-of-the-server%5D__4784f26b._.css\" data-precedence=\"next_static/chunks/[root-of-the-server]__4784f26b._.css\"/><link rel=\"preload\" as=\"script\" fetchPriority=\"low\" href=\"/_next/static/chunks/%5Bturbopack%5D_browser_dev_hmr-client_hmr-client_ts_956a0d3a._.js\"/><script src=\"/_next/static/chunks/node_modules_next_dist_compiled_react-dom_1e674e59._.js\" async=\"\"></script><script src=\"/_next/static/chunks/node_modules_next_dist_compiled_react-server-dom-turbopack_9212ccad._.js\" async=\"\"></script><script src=\"/_next/static/chunks/node_modules_next_dist_compiled_next-devtools_index_1dd7fb59.js\" async=\"\"></script><script src=\"/_next/static/chunks/node_modules_next_dist_compiled_a0e4c7b4._.js\" async=\"\"></script><script src=\"/_next/static/chunks/node_modules_next_dist_client_17643121._.js\" async=\"\"></script><script src=\"/_next/static/chunks/node_modules_next_dist_f3530cac._.js\" async=\"\"></script><script src=\"/_next/static/chunks/node_modules_%40swc_helpers_cjs_d80fb378._.js\" async=\"\"></script><script src=\"/_next/static/chunks/_a0ff3932._.js\" async=\"\"></script><script src=\"/_next/static/chunks/turbopack-_23a915ee._.js\" async=\"\"></script><script src=\"/_next/static/chunks/node_modules_next_dist_be32b49c._.js\" async=\"\"></script><script src=\"/_next/static/chunks/src_app_icon_svg_mjs_4169252f._.js\" async=\"\"></script><script src=\"/_next/static/chunks/_4c9d45d3._.js\" async=\"\"></script><script src=\"/_next/static/chunks/src_app_layout_tsx_1cf6b850._.js\" async=\"\"></script><meta name=\"robots\" content=\"noindex\"/><meta name=\"next-size-adjust\" content=\"\"/><title>404: This page could not be found.</title><title>Job Matcher - AI-Powered Job Discovery</title><meta name=\"description\" content=\"Intelligent job aggregator with AI-powered fit assessment for mid-career professionals in India\"/><link rel=\"icon\" href=\"/icon.svg?icon.59a826b4.svg\" sizes=\"any\" type=\"image/svg+xml\"/><script src=\"/_next/static/chunks/node_modules_next_dist_build_polyfills_polyfill-nomodule.js\" noModule=\"\"></script></head><body class=\"font-sans antialiased\"><div hidden=\"\"><!--$--><!--/$--></div><div style=\"font-family:system-ui,&quot;Segoe UI&quot;,Roboto,Helvetica,Arial,sans-serif,&quot;Apple Color Emoji&quot;,&quot;Segoe UI Emoji&quot;;height:100vh;text-align:center;display:flex;flex-direction:column;align-items:center;justify-content:center\"><div><style>body{color:#000;background:#fff;margin:0}.next-error-h1{border-right:1px solid rgba(0,0,0,.3)}@media (prefers-color-scheme:dark){body{color:#fff;background:#000}.next-error-h1{border-right:1px solid rgba(255,255,255,.3)}}</style><h1 class=\"next-error-h1\" style=\"display:inline-block;margin:0 20px 0 0;padding:0 23px 0 0;font-size:24px;font-weight:500;vertical-align:top;line-height:49px\">404</h1><div style=\"display:inline-block\"><h2 style=\"font-size:14px;font-weight:400;line-height:49px;margin:0\">This page could not be found.</h2></div></div></div><!--$--><!--/$--><section aria-label=\"Notifications alt+T\" tabindex=\"-1\" aria-live=\"polite\" aria-relevant=\"additions text\" aria-atomic=\"false\"></section><script id=\"_R_\">self.__next_r=\"mY10Mu6KUUwCRpK2zJdqG\"</script><script src=\"/_next/static/chunks/%5Bturbopack%5D_browser_dev_hmr-client_hmr-client_ts_956a0d3a._.js\" async=\"\"></script><script>(self.__next_f=self.__next_f||[]).push([0])</script><script>self.__next_f.push([1,\"5:I[\\\"[project]/node_modules/next/dist/next-devtools/userspace/app/segment-explorer-node.js [app-client] (ecmascript)\\\",[\\\"/_next/static/chunks/node_modules_next_dist_be32b49c._.js\\\",\\\"/_next/static/chunks/src_app_icon_svg_mjs_4169252f._.js\\\"],\\\"SegmentViewNode\\\"]\\n7:\\\"$Sreact.fragment\\\"\\n18:I[\\\"[project]/node_modules/next/dist/client/components/layout-router.js [app-client] (ecmascript)\\\",[\\\"/_next/static/chunks/node_modules_next_dist_be32b49c._.js\\\",\\\"/_next/static/chunks/src_app_icon_svg_mjs_4169252f._.js\\\"],\\\"default\\\"]\\n1a:I[\\\"[project]/node_modules/next/dist/client/components/render-from-template-context.js [app-client] (ecmascript)\\\",[\\\"/_next/static/chunks/node_modules_next_dist_be32b49c._.js\\\",\\\"/_next/static/chunks/src_app_icon_svg_mjs_4169252f._.js\\\"],\\\"default\\\"]\\n28:I[\\\"[project]/src/components/ui/sonner.tsx [app-client] (ecmascript)\\\",[\\\"/_next/static/chunks/_4c9d45d3._.js\\\",\\\"/_next/static/chunks/src_app_layout_tsx_1cf6b850._.js\\\"],\\\"Toaster\\\"]\\n3d:I[\\\"[project]/node_modules/next/dist/lib/framework/boundary-components.js [app-client] (ecmascript)\\\",[\\\"/_next/static/chunks/node_modules_next_dist_be32b49c._.js\\\",\\\"/_next/static/chunks/src_app_icon_svg_mjs_4169252f._.js\\\"],\\\"OutletBoundary\\\"]\\n3f:\\\"$Sreact.suspense\\\"\\n49:I[\\\"[project]/node_modules/next/dist/lib/framework/boundary-components.js [app-client] (ecmascript)\\\",[\\\"/_next/static/chunks/node_modules_next_dist_be32b49c._.js\\\",\\\"/_next/static/chunks/src_app_icon_svg_mjs_4169252f._.js\\\"],\\\"ViewportBoundary\\\"]\\n50:I[\\\"[project]/node_modules/next/dist/lib/framework/boundary-components.js [app-client] (ecmascript)\\\",[\\\"/_next/static/chunks/node_modules_next_dist_be32b49c._.js\\\",\\\"/_next/static/chunks/src_app_icon_svg_mjs_4169252f._.js\\\"],\\\"MetadataBoundary\\\"]\\n56:I[\\\"[project]/node_modules/next/dist/client/components/builtin/global-error.js [app-client] (ecmascript)\\\",[\\\"/_next/static/chunks/node_modules_next_dist_be32b49c._.js\\\",\\\"/_next/static/chunks/src_app_icon_svg_mjs_4169252f._.js\\\"],\\\"default\\\"]\\n5d:I[\\\"[project]/node_modules/next/dist/lib/metadata/generate/icon-mark.js [app-client] (ecmascript)\\\",[\\\"/_next/static/chunks/node_modules_next_dist_be32b49c._.js\\\",\\\"/_next/static/chunks/src_app_icon_svg_mjs_4169252f._.js\\\"],\\\"IconMark\\\"]\\n:HL[\\\"/_next/static/chunks/%5Broot-of-the-server%5D__4784f26b._.css\\\",\\\"style\\\"]\\n:N1769650562595.8545\\n3:\\\"$EObject.defineProperty(()=\\u003e{ctx.componentMod.preloadStyle(fullHref,ctx.renderOpts.crossOrigin,ctx.nonce)},\\\\\\\"name\\\\\\\",{value:\\\\\\\"\\\\\\\"})\\\"\\n2:{\\\"name\\\":\\\"Preloads\\\",\\\"key\\\":null,\\\"env\\\":\\\"Server\\\",\\\"stack\\\":[],\\\"props\\\":{\\\"preloadCallbacks\\\":[\\\"$3\\\"]}}\\n4:[]\\n6:[]\\n8:[[\\\"Array.map\\\",\\\"\\\",0,0,0,0,false]]\\n9:[[\\\"Array.map\\\",\\\"\\\",0,0,0,0,false]]\\na:[[\\\"Array.map\\\",\\\"\\\",0,0,0,0,false]]\\nd:I[\\\"[project]/node_modules/next/dist/client/components/layout-router.js [app-client] (ecmascript)\\\",[\\\"/_next/static/chunks/node_modules_next_dist_be32b49c._.js\\\",\\\"/_next/static/chunks/src_app_icon_svg_mjs_4169252f._.js\\\"],\\\"default\\\"]\\n10:I[\\\"[project]/node_modules/next/dist/client/components/render-from-template-context.js [app-client] (ecmascript)\\\",[\\\"/_next/static/chunks/node_modules_next_dist_be32b49c._.js\\\",\\\"/_next/static/chunks/src_app_icon_svg_mjs_4169252f._.js\\\"],\\\"default\\\"]\\n11:{}\\n12:[[\\\"Function.all\\\",\\\"\\\",0,0,0,0,true]]\\nf:{\\\"children\\\":[\\\"$\\\",\\\"$L10\\\",null,\\\"$11\\\",null,\\\"$12\\\",1]}\\n13:[[\\\"Function.all\\\",\\\"\\\",0,0,0,0,true]]\\ne:{\\\"parallelRouterKey\\\":\\\"children\\\",\\\"error\\\":\\\"$undefined\\\",\\\"errorStyles\\\":\\\"$undefined\\\",\\\"errorScripts\\\":\\\"$undefined\\\",\\\"template\\\":[\\\"$\\\",\\\"$7\\\",null,\\\"$f\\\",null,\\\"$13\\\",0],\\\"templateStyles\\\":\\\"$undefined\\\",\\\"templateScripts\\\":\\\"$undefined\\\",\\\"notFound\\\":\\\"$Y\\\",\\\"forbidden\\\":\\\"$undefined\\\",\\\"unauthorized\\\":\\\"$undefined\\\",\\\"segmentViewBoundaries\\\":\\\"$Y\\\"}\\n14:[[\\\"Function.all\\\",\\\"\\\",0,0,0,0,true]]\\nc:{\\\"name\\\":\\\"RootLayout\\\",\\\"key\\\":null,\\\"env\\\":\\\"Server\\\",\\\"stack\\\":[],\\\"props\\\":{\\\"children\\\":[\\\"$\\\",\\\"$Ld\\\",null,\\\"$e\\\",null,\\\"$14\\\",1],\\\"params\\\":\\\"$Y\\\"}}\\n15:[[\\\"RootLayout\\\",\\\"/home/vi/Job-matcher/.next/dev/server/chunks/ssr/[root-of-the-server]__61376c13._.js\\\",87,263,86,1,false]]\\n16:[[\\\"RootLayout\\\",\\\"/home/vi/Job-matcher/.next/dev/server/chunks/ssr/[root-of-the-server]__61376c13._.js\\\",90,270,86,1,false]]\\n17:[[\\\"Function.all\\\",\\\"\\\",0,0,0,0,true]]\\n19:[[\\\"Function.all\\\",\\\"\\\",0,0,0,0,true]]\\n1b:[]\\n1d:{\\\"name\\\":\\\"NotFound\\\",\\\"key\\\":null,\\\"env\\\":\\\"Server\\\",\\\"stack\\\":[],\\\"props\\\":{}\"])</script><script>self.__next_f.push([1,\"}\\n1e:{\\\"name\\\":\\\"HTTPAccessErrorFallback\\\",\\\"key\\\":null,\\\"env\\\":\\\"Server\\\",\\\"owner\\\":\\\"$1d\\\",\\\"stack\\\":[],\\\"props\\\":{\\\"status\\\":404,\\\"message\\\":\\\"This page could not be found.\\\"}}\\n1f:[]\\n20:[]\\n21:[]\\n22:[]\\n23:[]\\n24:[]\\n25:[]\\n26:[[\\\"Function.all\\\",\\\"\\\",0,0,0,0,true]]\\n27:[[\\\"RootLayout\\\",\\\"/home/vi/Job-matcher/.next/dev/server/chunks/ssr/[root-of-the-server]__61376c13._.js\\\",94,268,86,1,false]]\\n29:[[\\\"Function.all\\\",\\\"\\\",0,0,0,0,true]]\\n2a:[[\\\"Function.all\\\",\\\"\\\",0,0,0,0,true],[\\\"Function.all\\\",\\\"\\\",0,0,0,0,true]]\\n2b:[[\\\"Function.all\\\",\\\"\\\",0,0,0,0,true],[\\\"Function.all\\\",\\\"\\\",0,0,0,0,true]]\\n2c:[[\\\"Function.all\\\",\\\"\\\",0,0,0,0,true],[\\\"Function.all\\\",\\\"\\\",0,0,0,0,true]]\\n2d:[[\\\"Function.all\\\",\\\"\\\",0,0,0,0,true],[\\\"Function.all\\\",\\\"\\\",0,0,0,0,true]]\\n2f:{\\\"name\\\":\\\"NotFound\\\",\\\"key\\\":null,\\\"env\\\":\\\"Server\\\",\\\"stack\\\":[[\\\"Function.all\\\",\\\"\\\",0,0,0,0,true],[\\\"Function.all\\\",\\\"\\\",0,0,0,0,true]],\\\"props\\\":{\\\"params\\\":\\\"$@30\\\",\\\"searchParams\\\":\\\"$@31\\\"}}\\n32:{\\\"name\\\":\\\"HTTPAccessErrorFallback\\\",\\\"key\\\":null,\\\"env\\\":\\\"Server\\\",\\\"owner\\\":\\\"$2f\\\",\\\"stack\\\":[],\\\"props\\\":{\\\"status\\\":404,\\\"message\\\":\\\"This page could not be found.\\\"}}\\n33:[]\\n34:[]\\n35:[]\\n36:[]\\n37:[]\\n38:[]\\n39:[]\\n3b:{\\\"name\\\":\\\"Next.MetadataOutlet\\\",\\\"key\\\":null,\\\"env\\\":\\\"Server\\\",\\\"stack\\\":[[\\\"Function.all\\\",\\\"\\\",0,0,0,0,true],[\\\"Function.all\\\",\\\"\\\",0,0,0,0,true]],\\\"props\\\":{}}\\n3c:[]\\n3e:[]\\n41:[]\\n\"])</script><script>self.__next_f.push([1,\"44:\\\"$EObject.defineProperty(function(type,config,children){for(var propName,i=2;i\\u003carguments.length;i++)validateChildKeys(arguments[i]);i={};var key=null;if(null!=config)for(propName in didWarnAboutOldJSXRuntime||!(\\\\\\\"__self\\\\\\\"in config)||\\\\\\\"key\\\\\\\"in config||(didWarnAboutOldJSXRuntime=!0,console.warn(\\\\\\\"Your app (or one of its dependencies) is using an outdated JSX transform. Update to the modern JSX transform for faster performance: https://react.dev/link/new-jsx-transform\\\\\\\")),hasValidKey(config)\\u0026\\u0026(checkKeyStringCoercion(config.key),key=\\\\\\\"\\\\\\\"+config.key),config)hasOwnProperty.call(config,propName)\\u0026\\u0026\\\\\\\"key\\\\\\\"!==propName\\u0026\\u0026\\\\\\\"__self\\\\\\\"!==propName\\u0026\\u0026\\\\\\\"__source\\\\\\\"!==propName\\u0026\\u0026(i[propName]=config[propName]);var childrenLength=arguments.length-2;if(1===childrenLength)i.children=children;else if(1\\u003cchildrenLength){for(var childArray=Array(childrenLength),_i=0;_i\\u003cchildrenLength;_i++)childArray[_i]=arguments[_i+2];Object.freeze\\u0026\\u0026Object.freeze(childArray),i.children=childArray}if(type\\u0026\\u0026type.defaultProps)for(propName in childrenLength=type.defaultProps)void 0===i[propName]\\u0026\\u0026(i[propName]=childrenLength[propName]);return key\\u0026\\u0026function(props,displayName){function warnAboutAccessingKey(){specialPropKeyWarningShown||(specialPropKeyWarningShown=!0,console.error(\\\\\\\"%s: `key` is not a prop. Trying to access it will result in `undefined` being returned. If you need to access the same value within the child component, you should pass it as a different prop. (https://react.dev/link/special-props)\\\\\\\",displayName))}warnAboutAccessingKey.isReactWarning=!0,Object.defineProperty(props,\\\\\\\"key\\\\\\\",{get:warnAboutAccessingKey,configurable:!0})}(i,\\\\\\\"function\\\\\\\"==typeof type?type.displayName||type.name||\\\\\\\"Unknown\\\\\\\":type),(propName=1e4\\u003eReactSharedInternals.recentlyCreatedOwnerStacks++)?(childArray=Error.stackTraceLimit,Error.stackTraceLimit=10,childrenLength=Error(\\\\\\\"react-stack-top-frame\\\\\\\"),Error.stackTraceLimit=childArray):childrenLength=unknownOwnerDebugStack,ReactElement(type,key,i,getOwner(),childrenLength,propName?createTask(getTaskName(type)):unknownOwnerDebugTask)},\\\\\\\"name\\\\\\\",{value:\\\\\\\"\\\\\\\"})\\\"\\n\"])</script><script>self.__next_f.push([1,\"43:{\\\"name\\\":\\\"NonIndex\\\",\\\"key\\\":null,\\\"env\\\":\\\"Server\\\",\\\"stack\\\":[],\\\"props\\\":{\\\"createElement\\\":\\\"$44\\\",\\\"pagePath\\\":\\\"/_not-found\\\",\\\"statusCode\\\":404,\\\"isPossibleServerAction\\\":false}}\\n45:[]\\n47:{\\\"name\\\":\\\"ViewportWrapper\\\",\\\"key\\\":null,\\\"env\\\":\\\"Server\\\",\\\"stack\\\":[],\\\"props\\\":{}}\\n48:[]\\n4b:{\\\"name\\\":\\\"Next.Viewport\\\",\\\"key\\\":null,\\\"env\\\":\\\"Server\\\",\\\"owner\\\":\\\"$47\\\",\\\"stack\\\":[],\\\"props\\\":{}}\\n4d:{\\\"name\\\":\\\"MetadataWrapper\\\",\\\"key\\\":null,\\\"env\\\":\\\"Server\\\",\\\"stack\\\":[],\\\"props\\\":{}}\\n4e:[]\\n4f:[]\\n51:[]\\n53:{\\\"name\\\":\\\"Next.Metadata\\\",\\\"key\\\":null,\\\"env\\\":\\\"Server\\\",\\\"owner\\\":\\\"$4d\\\",\\\"stack\\\":[],\\\"props\\\":{}}\\n54:[]\\n30:{}\\n31:\\n57:[]\\n58:[]\\n59:[]\\n5a:[]\\n5b:[[\\\"Array.map\\\",\\\"\\\",0,0,0,0,false]]\\n5c:[]\\n1:D{\\\"time\\\":0.4543140232563019}\\n1:D\\\"$2\\\"\\n1:D{\\\"time\\\":0.5046870112419128}\\n1:null\\nb:D{\\\"time\\\":1.494145005941391}\\nb:D\\\"$c\\\"\\nb:D{\\\"time\\\":1.649936020374298}\\n1c:D{\\\"time\\\":1.9904830157756805}\\n1c:D\\\"$1d\\\"\\n1c:D{\\\"time\\\":2.0906430184841156}\\n1c:D\\\"$1e\\\"\\n1c:D{\\\"time\\\":2.2519749999046326}\\n1c:[[\\\"$\\\",\\\"title\\\",null,{\\\"children\\\":\\\"404: This page could not be found.\\\"},\\\"$1e\\\",\\\"$1f\\\",1],[\\\"$\\\",\\\"div\\\",null,{\\\"style\\\":{\\\"fontFamily\\\":\\\"system-ui,\\\\\\\"Segoe UI\\\\\\\",Roboto,Helvetica,Arial,sans-serif,\\\\\\\"Apple Color Emoji\\\\\\\",\\\\\\\"Segoe UI Emoji\\\\\\\"\\\",\\\"height\\\":\\\"100vh\\\",\\\"textAlign\\\":\\\"center\\\",\\\"display\\\":\\\"flex\\\",\\\"flexDirection\\\":\\\"column\\\",\\\"alignItems\\\":\\\"center\\\",\\\"justifyContent\\\":\\\"center\\\"},\\\"children\\\":[\\\"$\\\",\\\"div\\\",null,{\\\"children\\\":[[\\\"$\\\",\\\"style\\\",null,{\\\"dangerouslySetInnerHTML\\\":{\\\"__html\\\":\\\"body{color:#000;background:#fff;margin:0}.next-error-h1{border-right:1px solid rgba(0,0,0,.3)}@media (prefers-color-scheme:dark){body{color:#fff;background:#000}.next-error-h1{border-right:1px solid rgba(255,255,255,.3)}}\\\"}},\\\"$1e\\\",\\\"$22\\\",1],[\\\"$\\\",\\\"h1\\\",null,{\\\"className\\\":\\\"next-error-h1\\\",\\\"style\\\":{\\\"display\\\":\\\"inline-block\\\",\\\"margin\\\":\\\"0 20px 0 0\\\",\\\"padding\\\":\\\"0 23px 0 0\\\",\\\"fontSize\\\":24,\\\"fontWeight\\\":500,\\\"verticalAlign\\\":\\\"top\\\",\\\"lineHeight\\\":\\\"49px\\\"},\\\"children\\\":404},\\\"$1e\\\",\\\"$23\\\",1],[\\\"$\\\",\\\"div\\\",null,{\\\"style\\\":{\\\"display\\\":\\\"inline-block\\\"},\\\"children\\\":[\\\"$\\\",\\\"h2\\\",null,{\\\"style\\\":{\\\"fontSize\\\":14,\\\"fontWeight\\\":400,\\\"lineHeight\\\":\\\"49px\\\",\\\"margin\\\":0},\\\"children\\\":\\\"This page could not be found.\\\"},\\\"$1e\\\",\\\"$25\\\",1]},\\\"$1e\\\",\\\"$24\\\",1]]},\\\"$1e\\\",\\\"$21\\\",1]},\\\"$1e\\\",\\\"$20\\\",1]]\\nb:[\\\"$\\\",\\\"html\\\",null,{\\\"lang\\\":\\\"en\\\",\\\"className\\\":\\\"inter_2fe1ab3d-module__-T-KAq__variable\\\",\\\"children\\\":[\\\"$\\\",\\\"body\\\",null,{\\\"className\\\":\\\"font-sans antialiased\\\",\\\"children\\\":[[\\\"$\\\",\\\"$L18\\\",null,{\\\"parallelRouterKey\\\":\\\"children\\\",\\\"error\\\":\\\"$undefined\\\",\\\"errorStyles\\\":\\\"$undefined\\\",\\\"errorScripts\\\":\\\"$undefined\\\",\\\"template\\\":[\\\"$\\\",\\\"$L1a\\\",null,{},null,\\\"$19\\\",1],\\\"templateStyles\\\":\\\"$undefined\\\",\\\"templateScripts\\\":\\\"$undefined\\\",\\\"notFound\\\":[\\\"$\\\",\\\"$L5\\\",\\\"c-not-found\\\",{\\\"type\\\":\\\"not-found\\\",\\\"pagePath\\\":\\\"__next_builtin__not-found.js\\\",\\\"children\\\":[\\\"$1c\\\",[]]},null,\\\"$1b\\\",0],\\\"forbidden\\\":\\\"$undefined\\\",\\\"unauthorized\\\":\\\"$undefined\\\",\\\"segmentViewBoundaries\\\":[[\\\"$\\\",\\\"$L5\\\",null,{\\\"type\\\":\\\"boundary:not-found\\\",\\\"pagePath\\\":\\\"__next_builtin__not-found.js@boundary\\\"},null,\\\"$26\\\",1],\\\"$undefined\\\",\\\"$undefined\\\",\\\"$undefined\\\"]},null,\\\"$17\\\",1],[\\\"$\\\",\\\"$L28\\\",null,{},\\\"$c\\\",\\\"$27\\\",1]]},\\\"$c\\\",\\\"$16\\\",1]},\\\"$c\\\",\\\"$15\\\",1]\\n2e:D{\\\"time\\\":3.5281549990177155}\\n2e:D\\\"$2f\\\"\\n2e:D{\\\"time\\\":3.60078501701355}\\n2e:D\\\"$32\\\"\\n2e:D{\\\"time\\\":3.7502680122852325}\\n2e:[[\\\"$\\\",\\\"title\\\",null,{\\\"children\\\":\\\"404: This page could not be found.\\\"},\\\"$32\\\",\\\"$33\\\",1],[\\\"$\\\",\\\"div\\\",null,{\\\"style\\\":\\\"$1c:1:props:style\\\",\\\"children\\\":[\\\"$\\\",\\\"div\\\",null,{\\\"children\\\":[[\\\"$\\\",\\\"style\\\",null,{\\\"dangerouslySetInnerHTML\\\":{\\\"__html\\\":\\\"body{color:#000;background:#fff;margin:0}.next-error-h1{border-right:1px solid rgba(0,0,0,.3)}@media (prefers-color-scheme:dark){body{color:#fff;background:#000}.next-error-h1{border-right:1px solid rgba(255,255,255,.3)}}\\\"}},\\\"$32\\\",\\\"$36\\\",1],[\\\"$\\\",\\\"h1\\\",null,{\\\"className\\\":\\\"next-error-h1\\\",\\\"style\\\":\\\"$1c:1:props:children:props:children:1:props:style\\\",\\\"children\\\":404},\\\"$32\\\",\\\"$37\\\",1],[\\\"$\\\",\\\"div\\\",null,{\\\"style\\\":\\\"$1c:1:props:children:props:children:2:props:style\\\",\\\"children\\\":[\\\"$\\\",\\\"h2\\\",null,{\\\"style\\\":\\\"$1c:1:props:children:props:children:2:props:children:props:style\\\",\\\"children\\\":\\\"This page could not be found.\\\"},\\\"$32\\\",\\\"$39\\\",1]},\\\"$32\\\",\\\"$38\\\",1]]},\\\"$32\\\",\\\"$35\\\",1]},\\\"$32\\\",\\\"$34\\\",1]]\\n3a:D{\\\"time\\\":4.102453023195267}\\n3a:D\\\"$3b\\\"\\n3a:D{\\\"time\\\":7.341838002204895}\\n3a:[\\\"$\\\",\\\"$L3d\\\",null,{\\\"children\\\":[\\\"$\\\",\\\"$3f\\\",null,{\\\"name\\\":\\\"Next.MetadataOutlet\\\",\\\"children\\\":\\\"$@40\\\"},\\\"$3b\\\",\\\"$3e\\\",1]},\\\"$3b\\\",\\\"$3c\\\",1]\\n\"])</script><script>self.__next_f.push([1,\"42:D{\\\"time\\\":7.951176017522812}\\n42:D\\\"$43\\\"\\n42:D{\\\"time\\\":8.039025008678436}\\n42:[\\\"$\\\",\\\"meta\\\",null,{\\\"name\\\":\\\"robots\\\",\\\"content\\\":\\\"noindex\\\"},\\\"$43\\\",\\\"$45\\\",1]\\n46:D{\\\"time\\\":8.145771026611328}\\n46:D\\\"$47\\\"\\n46:D{\\\"time\\\":8.228864014148712}\\n4a:D{\\\"time\\\":8.342206001281738}\\n4a:D\\\"$4b\\\"\\n46:[\\\"$\\\",\\\"$L49\\\",null,{\\\"children\\\":\\\"$L4a\\\"},\\\"$47\\\",\\\"$48\\\",1]\\n4c:D{\\\"time\\\":8.911325007677078}\\n4c:D\\\"$4d\\\"\\n4c:D{\\\"time\\\":9.03319600224495}\\n52:D{\\\"time\\\":9.200704008340836}\\n52:D\\\"$53\\\"\\n4c:[\\\"$\\\",\\\"div\\\",null,{\\\"hidden\\\":true,\\\"children\\\":[\\\"$\\\",\\\"$L50\\\",null,{\\\"children\\\":[\\\"$\\\",\\\"$3f\\\",null,{\\\"name\\\":\\\"Next.Metadata\\\",\\\"children\\\":\\\"$L52\\\"},\\\"$4d\\\",\\\"$51\\\",1]},\\\"$4d\\\",\\\"$4f\\\",1]},\\\"$4d\\\",\\\"$4e\\\",1]\\n55:[]\\n\"])</script><script>self.__next_f.push([1,\"0:{\\\"P\\\":\\\"$1\\\",\\\"b\\\":\\\"development\\\",\\\"c\\\":[\\\"\\\",\\\"api\\\",\\\"auth\\\",\\\"register\\\"],\\\"q\\\":\\\"\\\",\\\"i\\\":false,\\\"f\\\":[[[\\\"\\\",{\\\"children\\\":[\\\"/_not-found\\\",{\\\"children\\\":[\\\"__PAGE__\\\",{}]}]},\\\"$undefined\\\",\\\"$undefined\\\",true],[[\\\"$\\\",\\\"$L5\\\",\\\"layout\\\",{\\\"type\\\":\\\"layout\\\",\\\"pagePath\\\":\\\"layout.tsx\\\",\\\"children\\\":[\\\"$\\\",\\\"$7\\\",\\\"c\\\",{\\\"children\\\":[[[\\\"$\\\",\\\"link\\\",\\\"0\\\",{\\\"rel\\\":\\\"stylesheet\\\",\\\"href\\\":\\\"/_next/static/chunks/%5Broot-of-the-server%5D__4784f26b._.css\\\",\\\"precedence\\\":\\\"next_static/chunks/[root-of-the-server]__4784f26b._.css\\\",\\\"crossOrigin\\\":\\\"$undefined\\\",\\\"nonce\\\":\\\"$undefined\\\"},null,\\\"$8\\\",0],[\\\"$\\\",\\\"script\\\",\\\"script-0\\\",{\\\"src\\\":\\\"/_next/static/chunks/_4c9d45d3._.js\\\",\\\"async\\\":true,\\\"nonce\\\":\\\"$undefined\\\"},null,\\\"$9\\\",0],[\\\"$\\\",\\\"script\\\",\\\"script-1\\\",{\\\"src\\\":\\\"/_next/static/chunks/src_app_layout_tsx_1cf6b850._.js\\\",\\\"async\\\":true,\\\"nonce\\\":\\\"$undefined\\\"},null,\\\"$a\\\",0]],\\\"$b\\\"]},null,\\\"$6\\\",1]},null,\\\"$4\\\",0],{\\\"children\\\":[[\\\"$\\\",\\\"$7\\\",\\\"c\\\",{\\\"children\\\":[null,[\\\"$\\\",\\\"$L18\\\",null,{\\\"parallelRouterKey\\\":\\\"children\\\",\\\"error\\\":\\\"$undefined\\\",\\\"errorStyles\\\":\\\"$undefined\\\",\\\"errorScripts\\\":\\\"$undefined\\\",\\\"template\\\":[\\\"$\\\",\\\"$L1a\\\",null,{},null,\\\"$2b\\\",1],\\\"templateStyles\\\":\\\"$undefined\\\",\\\"templateScripts\\\":\\\"$undefined\\\",\\\"notFound\\\":\\\"$undefined\\\",\\\"forbidden\\\":\\\"$undefined\\\",\\\"unauthorized\\\":\\\"$undefined\\\",\\\"segmentViewBoundaries\\\":[\\\"$undefined\\\",\\\"$undefined\\\",\\\"$undefined\\\",\\\"$undefined\\\"]},null,\\\"$2a\\\",1]]},null,\\\"$29\\\",0],{\\\"children\\\":[[\\\"$\\\",\\\"$7\\\",\\\"c\\\",{\\\"children\\\":[[\\\"$\\\",\\\"$L5\\\",\\\"c-page\\\",{\\\"type\\\":\\\"page\\\",\\\"pagePath\\\":\\\"__next_builtin__not-found.js\\\",\\\"children\\\":\\\"$2e\\\"},null,\\\"$2d\\\",1],null,\\\"$3a\\\"]},null,\\\"$2c\\\",0],{},null,false,false]},null,false,false]},null,false,false],[\\\"$\\\",\\\"$7\\\",\\\"h\\\",{\\\"children\\\":[\\\"$42\\\",\\\"$46\\\",\\\"$4c\\\",[\\\"$\\\",\\\"meta\\\",null,{\\\"name\\\":\\\"next-size-adjust\\\",\\\"content\\\":\\\"\\\"},null,\\\"$54\\\",1]]},null,\\\"$41\\\",0],false]],\\\"m\\\":\\\"$W55\\\",\\\"G\\\":[\\\"$56\\\",\\\"$undefined\\\"],\\\"S\\\":false}\\n\"])</script><script>self.__next_f.push([1,\"4a:D{\\\"time\\\":12.53940799832344}\\n4a:[[\\\"$\\\",\\\"meta\\\",\\\"0\\\",{\\\"charSet\\\":\\\"utf-8\\\"},\\\"$3b\\\",\\\"$57\\\",0],[\\\"$\\\",\\\"meta\\\",\\\"1\\\",{\\\"name\\\":\\\"viewport\\\",\\\"content\\\":\\\"width=device-width, initial-scale=1\\\"},\\\"$3b\\\",\\\"$58\\\",0]]\\n40:D{\\\"time\\\":13.788368999958038}\\n40:null\\n52:D{\\\"time\\\":13.815963000059128}\\n52:[[\\\"$\\\",\\\"title\\\",\\\"0\\\",{\\\"children\\\":\\\"Job Matcher - AI-Powered Job Discovery\\\"},\\\"$3b\\\",\\\"$59\\\",0],[\\\"$\\\",\\\"meta\\\",\\\"1\\\",{\\\"name\\\":\\\"description\\\",\\\"content\\\":\\\"Intelligent job aggregator with AI-powered fit assessment for mid-career professionals in India\\\"},\\\"$3b\\\",\\\"$5a\\\",0],[\\\"$\\\",\\\"link\\\",\\\"2\\\",{\\\"rel\\\":\\\"icon\\\",\\\"href\\\":\\\"/icon.svg?icon.59a826b4.svg\\\",\\\"sizes\\\":\\\"any\\\",\\\"type\\\":\\\"image/svg+xml\\\"},\\\"$3b\\\",\\\"$5b\\\",0],[\\\"$\\\",\\\"$L5d\\\",\\\"3\\\",{},\\\"$3b\\\",\\\"$5c\\\",0]]\\n\"])</script></body></html>"

!!! TEST FAILED !!!
Status: 401
Data: { success: false, error: 'Invalid login credentials' }
